Sun Nov 27 2022 15:41:48 GMT+0000 (Coordinated Universal Time)
